{
    "edid": {
        "preferred_group": "DMT",
        "preferred_mode": 39,
        "preferred_width": 1360,
        "preferred_height": 768,
        "preferred_res": "1360x768p",
        "preferred_hz": 60
    },
    "model": "HRG-LT42M1CFA",
    "preferred_mode": {
        "group": "DMT",
        "mode": 39,
        "scan": "p",
        "height": 768,
        "3d_modes": [],
        "width": 1360,
        "rate": 60,
        "aspect_ratio": "16:9"
    },
    "optimal_mode": {
        "group": "DMT",
        "mode": 39,
        "scan": "p",
        "height": 768,
        "3d_modes": [],
        "width": 1360,
        "rate": 60,
        "aspect_ratio": "16:9"
    },
    "cea_modes": [
        {
            "group": "CEA",
            "scan": "p",
            "height": 480,
            "3d_modes": [],
            "width": 640,
            "rate": 60,
            "mode": 1,
            "aspect_ratio": "4:3"
        },
        {
            "group": "CEA",
            "scan": "p",
            "height": 480,
            "3d_modes": [],
            "width": 720,
            "rate": 60,
            "mode": 2,
            "aspect_ratio": "4:3"
        },
        {
            "group": "CEA",
            "scan": "p",
            "height": 480,
            "3d_modes": [],
            "width": 720,
            "rate": 60,
            "mode": 3,
            "aspect_ratio": "16:9"
        },
        {
            "group": "CEA",
            "scan": "p",
            "height": 720,
            "3d_modes": [],
            "width": 1280,
            "rate": 60,
            "mode": 4,
            "aspect_ratio": "16:9"
        },
        {
            "group": "CEA",
            "scan": "i",
            "height": 1080,
            "3d_modes": [],
            "width": 1920,
            "rate": 60,
            "mode": 5,
            "aspect_ratio": "16:9"
        },
        {
            "group": "CEA",
            "scan": "i",
            "height": 480,
            "3d_modes": [],
            "width": 720,
            "rate": 60,
            "mode": 6,
            "aspect_ratio": "4:3"
        },
        {
            "group": "CEA",
            "scan": "p",
            "height": 1080,
            "3d_modes": [],
            "width": 1920,
            "rate": 60,
            "mode": 16,
            "aspect_ratio": "16:9"
        },
        {
            "group": "CEA",
            "scan": "p",
            "height": 576,
            "3d_modes": [],
            "width": 720,
            "rate": 50,
            "mode": 17,
            "aspect_ratio": "4:3"
        },
        {
            "group": "CEA",
            "scan": "p",
            "height": 576,
            "3d_modes": [],
            "width": 720,
            "rate": 50,
            "mode": 18,
            "aspect_ratio": "16:9"
        },
        {
            "group": "CEA",
            "scan": "p",
            "height": 720,
            "3d_modes": [],
            "width": 1280,
            "rate": 50,
            "mode": 19,
            "aspect_ratio": "16:9"
        },
        {
            "group": "CEA",
            "scan": "i",
            "height": 1080,
            "3d_modes": [],
            "width": 1920,
            "rate": 50,
            "mode": 20,
            "aspect_ratio": "16:9"
        },
        {
            "group": "CEA",
            "scan": "i",
            "height": 576,
            "3d_modes": [],
            "width": 720,
            "rate": 50,
            "mode": 21,
            "aspect_ratio": "4:3"
        },
        {
            "group": "CEA",
            "scan": "p",
            "height": 1080,
            "3d_modes": [],
            "width": 1920,
            "rate": 50,
            "mode": 31,
            "aspect_ratio": "16:9"
        },
        {
            "group": "CEA",
            "scan": "p",
            "height": 1080,
            "3d_modes": [],
            "width": 1920,
            "rate": 25,
            "mode": 33,
            "aspect_ratio": "16:9"
        },
        {
            "group": "CEA",
            "scan": "p",
            "height": 1080,
            "3d_modes": [],
            "width": 1920,
            "rate": 30,
            "mode": 34,
            "aspect_ratio": "16:9"
        }
    ],
    "dmt_modes": [
        {
            "group": "DMT",
            "scan": "p",
            "height": 480,
            "3d_modes": [],
            "width": 640,
            "rate": 60,
            "mode": 4,
            "aspect_ratio": "4:3"
        },
        {
            "group": "DMT",
            "scan": "p",
            "height": 480,
            "3d_modes": [],
            "width": 640,
            "rate": 72,
            "mode": 5,
            "aspect_ratio": "4:3"
        },
        {
            "group": "DMT",
            "scan": "p",
            "height": 480,
            "3d_modes": [],
            "width": 640,
            "rate": 75,
            "mode": 6,
            "aspect_ratio": "4:3"
        },
        {
            "group": "DMT",
            "scan": "p",
            "height": 600,
            "3d_modes": [],
            "width": 800,
            "rate": 56,
            "mode": 8,
            "aspect_ratio": "4:3"
        },
        {
            "group": "DMT",
            "scan": "p",
            "height": 600,
            "3d_modes": [],
            "width": 800,
            "rate": 60,
            "mode": 9,
            "aspect_ratio": "4:3"
        },
        {
            "group": "DMT",
            "scan": "p",
            "height": 600,
            "3d_modes": [],
            "width": 800,
            "rate": 72,
            "mode": 10,
            "aspect_ratio": "4:3"
        },
        {
            "group": "DMT",
            "scan": "p",
            "height": 600,
            "3d_modes": [],
            "width": 800,
            "rate": 75,
            "mode": 11,
            "aspect_ratio": "4:3"
        },
        {
            "group": "DMT",
            "scan": "p",
            "height": 768,
            "3d_modes": [],
            "width": 1024,
            "rate": 60,
            "mode": 16,
            "aspect_ratio": "4:3"
        },
        {
            "group": "DMT",
            "scan": "p",
            "height": 768,
            "3d_modes": [],
            "width": 1024,
            "rate": 70,
            "mode": 17,
            "aspect_ratio": "4:3"
        },
        {
            "group": "DMT",
            "scan": "p",
            "height": 768,
            "3d_modes": [],
            "width": 1024,
            "rate": 75,
            "mode": 18,
            "aspect_ratio": "4:3"
        },
        {
            "group": "DMT",
            "scan": "p",
            "height": 768,
            "3d_modes": [],
            "width": 1280,
            "rate": 75,
            "mode": 24,
            "aspect_ratio": "15:9"
        },
        {
            "group": "DMT",
            "scan": "p",
            "height": 800,
            "3d_modes": [],
            "width": 1280,
            "rate": 60,
            "mode": 28,
            "aspect_ratio": "16:10"
        },
        {
            "group": "DMT",
            "scan": "p",
            "height": 1024,
            "3d_modes": [],
            "width": 1280,
            "rate": 60,
            "mode": 35,
            "aspect_ratio": "5:4"
        },
        {
            "group": "DMT",
            "scan": "p",
            "height": 768,
            "3d_modes": [],
            "width": 1360,
            "rate": 60,
            "mode": 39,
            "aspect_ratio": "16:9"
        },
        {
            "group": "DMT",
            "scan": "p",
            "height": 720,
            "3d_modes": [],
            "width": 1280,
            "rate": 60,
            "mode": 85,
            "aspect_ratio": "16:9"
        }
    ]
}
