{
    "edid": {
        "preferred_group": "DMT",
        "preferred_mode": 68,
        "preferred_width": 1920,
        "preferred_height": 1200,
        "preferred_res": "1920x1200p",
        "preferred_hz": 60
    },
    "model": "SAM-SyncMaster",
    "preferred_mode": {
        "group": "DMT",
        "scan": "p",
        "height": 1200,
        "3d_modes": [],
        "width": 1920,
        "rate": 60,
        "mode": 68,
        "aspect_ratio": "16:10"
    },
    "optimal_mode": {
        "group": "DMT",
        "scan": "p",
        "height": 800,
        "3d_modes": [],
        "width": 1280,
        "rate": 60,
        "mode": 28,
        "aspect_ratio": "16:10"
    },
    "cea_modes": [
        {
            "group": "CEA",
            "scan": "p",
            "height": 480,
            "3d_modes": [],
            "width": 720,
            "rate": 60,
            "mode": 2,
            "aspect_ratio": "4:3"
        },
        {
            "group": "CEA",
            "scan": "p",
            "height": 576,
            "3d_modes": [],
            "width": 720,
            "rate": 50,
            "mode": 17,
            "aspect_ratio": "4:3"
        },
        {
            "group": "CEA",
            "scan": "p",
            "height": 720,
            "3d_modes": [],
            "width": 1280,
            "rate": 50,
            "mode": 19,
            "aspect_ratio": "16:9"
        },
        {
            "group": "CEA",
            "scan": "p",
            "height": 1080,
            "3d_modes": [],
            "width": 1920,
            "rate": 50,
            "mode": 31,
            "aspect_ratio": "16:9"
        }
    ],
    "dmt_modes": [
        {
            "group": "DMT",
            "scan": "p",
            "height": 480,
            "3d_modes": [],
            "width": 640,
            "rate": 60,
            "mode": 4,
            "aspect_ratio": "4:3"
        },
        {
            "group": "DMT",
            "scan": "p",
            "height": 600,
            "3d_modes": [],
            "width": 800,
            "rate": 56,
            "mode": 8,
            "aspect_ratio": "4:3"
        },
        {
            "group": "DMT",
            "scan": "p",
            "height": 600,
            "3d_modes": [],
            "width": 800,
            "rate": 60,
            "mode": 9,
            "aspect_ratio": "4:3"
        },
        {
            "group": "DMT",
            "scan": "p",
            "height": 768,
            "3d_modes": [],
            "width": 1024,
            "rate": 60,
            "mode": 16,
            "aspect_ratio": "4:3"
        },
        {
            "group": "DMT",
            "scan": "p",
            "height": 800,
            "3d_modes": [],
            "width": 1280,
            "rate": 60,
            "mode": 28,
            "aspect_ratio": "16:10"
        },
        {
            "group": "DMT",
            "scan": "p",
            "height": 960,
            "3d_modes": [],
            "width": 1280,
            "rate": 60,
            "mode": 32,
            "aspect_ratio": "4:3"
        },
        {
            "group": "DMT",
            "scan": "p",
            "height": 1024,
            "3d_modes": [],
            "width": 1280,
            "rate": 60,
            "mode": 35,
            "aspect_ratio": "5:4"
        },
        {
            "group": "DMT",
            "scan": "p",
            "height": 900,
            "3d_modes": [],
            "width": 1440,
            "rate": 60,
            "mode": 47,
            "aspect_ratio": "16:10"
        },
        {
            "group": "DMT",
            "scan": "p",
            "height": 1200,
            "3d_modes": [],
            "width": 1600,
            "rate": 60,
            "mode": 51,
            "aspect_ratio": "4:3"
        },
        {
            "group": "DMT",
            "scan": "p",
            "height": 1050,
            "3d_modes": [],
            "width": 1680,
            "rate": 60,
            "mode": 58,
            "aspect_ratio": "16:10"
        },
        {
            "group": "DMT",
            "scan": "p",
            "height": 1200,
            "3d_modes": [],
            "width": 1920,
            "rate": 60,
            "mode": 68,
            "aspect_ratio": "16:10"
        },
        {
            "group": "DMT",
            "scan": "p",
            "height": 1080,
            "3d_modes": [],
            "width": 1920,
            "rate": 60,
            "mode": 82,
            "aspect_ratio": "16:9"
        },
        {
            "group": "DMT",
            "scan": "p",
            "height": 720,
            "3d_modes": [],
            "width": 1280,
            "rate": 60,
            "mode": 85,
            "aspect_ratio": "16:9"
        }
    ]
}
