{
    "edid": {
        "preferred_group": "CEA",
        "preferred_mode": 16,
        "preferred_width": 1920,
        "preferred_height": 1080,
        "preferred_res": "1920x1080p",
        "preferred_hz": 60
    },
    "model": "SAM-SAMSUNG",
    "preferred_mode": {
        "group": "CEA",
        "mode": 16,
        "scan": "p",
        "height": 1080,
        "3d_modes": [],
        "width": 1920,
        "rate": 60,
        "aspect_ratio": "16:9"
    },
    "optimal_mode": {
        "group": "CEA",
        "mode": 4,
        "scan": "p",
        "height": 720,
        "3d_modes": [],
        "width": 1280,
        "rate": 60,
        "aspect_ratio": "16:9"
    },
    "cea_modes": [
        {
            "group": "CEA",
            "scan": "p",
            "height": 480,
            "3d_modes": [],
            "width": 640,
            "rate": 60,
            "mode": 1,
            "aspect_ratio": "4:3"
        },
        {
            "group": "CEA",
            "scan": "p",
            "height": 480,
            "3d_modes": [],
            "width": 720,
            "rate": 60,
            "mode": 2,
            "aspect_ratio": "4:3"
        },
        {
            "group": "CEA",
            "scan": "p",
            "height": 480,
            "3d_modes": [],
            "width": 720,
            "rate": 60,
            "mode": 3,
            "aspect_ratio": "16:9"
        },
        {
            "group": "CEA",
            "scan": "p",
            "height": 720,
            "3d_modes": [],
            "width": 1280,
            "rate": 60,
            "mode": 4,
            "aspect_ratio": "16:9"
        },
        {
            "group": "CEA",
            "scan": "i",
            "height": 1080,
            "3d_modes": [],
            "width": 1920,
            "rate": 60,
            "mode": 5,
            "aspect_ratio": "16:9"
        },
        {
            "group": "CEA",
            "scan": "p",
            "height": 1080,
            "3d_modes": [],
            "width": 1920,
            "rate": 60,
            "mode": 16,
            "aspect_ratio": "16:9"
        },
        {
            "group": "CEA",
            "scan": "p",
            "height": 1080,
            "3d_modes": [],
            "width": 1920,
            "rate": 24,
            "mode": 32,
            "aspect_ratio": "16:9"
        },
        {
            "group": "CEA",
            "scan": "p",
            "height": 1080,
            "3d_modes": [],
            "width": 1920,
            "rate": 30,
            "mode": 34,
            "aspect_ratio": "16:9"
        }
    ],
    "dmt_modes": [
        {
            "group": "DMT",
            "scan": "p",
            "height": 480,
            "3d_modes": [],
            "width": 640,
            "rate": 60,
            "mode": 4,
            "aspect_ratio": "4:3"
        }
    ]
}
